"input" in: sky130A_mr.drc:169
    Polygons (raw): 724676 (flat)  4214 (hierarchical)
    Elapsed: 0.100s  Memory: 1336.00M
"polygons" in: sky130A_mr.drc:170
    Polygons (raw): 120851 (flat)  1128 (hierarchical)
    Elapsed: 0.040s  Memory: 1336.00M
"polygons" in: sky130A_mr.drc:171
    Polygons (raw): 457950 (flat)  1627 (hierarchical)
    Elapsed: 0.040s  Memory: 1336.00M
"polygons" in: sky130A_mr.drc:172
    Polygons (raw): 853 (flat)  36 (hierarchical)
    Elapsed: 0.000s  Memory: 1336.00M
"polygons" in: sky130A_mr.drc:173
    Polygons (raw): 0 (flat)  0 (hierarchical)
    Elapsed: 0.000s  Memory: 1336.00M
"polygons" in: sky130A_mr.drc:174
    Polygons (raw): 0 (flat)  0 (hierarchical)
    Elapsed: 0.000s  Memory: 1336.00M
"polygons" in: sky130A_mr.drc:175
    Polygons (raw): 0 (flat)  0 (hierarchical)
    Elapsed: 0.000s  Memory: 1336.00M
"polygons" in: sky130A_mr.drc:176
    Polygons (raw): 0 (flat)  0 (hierarchical)
    Elapsed: 0.000s  Memory: 1337.00M
"polygons" in: sky130A_mr.drc:177
    Polygons (raw): 355509 (flat)  931 (hierarchical)
    Elapsed: 0.040s  Memory: 1337.00M
"polygons" in: sky130A_mr.drc:178
    Polygons (raw): 0 (flat)  0 (hierarchical)
    Elapsed: 0.000s  Memory: 1337.00M
"polygons" in: sky130A_mr.drc:179
    Polygons (raw): 54304 (flat)  587 (hierarchical)
    Elapsed: 0.010s  Memory: 1337.00M
"polygons" in: sky130A_mr.drc:180
    Polygons (raw): 0 (flat)  0 (hierarchical)
    Elapsed: 0.000s  Memory: 1337.00M
"polygons" in: sky130A_mr.drc:181
    Polygons (raw): 5945 (flat)  40 (hierarchical)
    Elapsed: 0.000s  Memory: 1337.00M
"polygons" in: sky130A_mr.drc:182
    Polygons (raw): 908673 (flat)  9885 (hierarchical)
    Elapsed: 0.050s  Memory: 1337.00M
"polygons" in: sky130A_mr.drc:183
    Polygons (raw): 26 (flat)  15 (hierarchical)
    Elapsed: 0.000s  Memory: 1337.00M
"polygons" in: sky130A_mr.drc:184
    Polygons (raw): 548486 (flat)  2213 (hierarchical)
    Elapsed: 0.040s  Memory: 1337.00M
"polygons" in: sky130A_mr.drc:185
    Polygons (raw): 522080 (flat)  2002 (hierarchical)
    Elapsed: 0.070s  Memory: 1337.00M
"polygons" in: sky130A_mr.drc:186
    Polygons (raw): 0 (flat)  0 (hierarchical)
    Elapsed: 0.000s  Memory: 1337.00M
"polygons" in: sky130A_mr.drc:187
    Polygons (raw): 1 (flat)  1 (hierarchical)
    Elapsed: 0.000s  Memory: 1337.00M
"polygons" in: sky130A_mr.drc:188
    Polygons (raw): 246389 (flat)  2441 (hierarchical)
    Elapsed: 0.040s  Memory: 1337.00M
"polygons" in: sky130A_mr.drc:189
    Polygons (raw): 5900365 (flat)  172885 (hierarchical)
    Elapsed: 0.190s  Memory: 1340.00M
"polygons" in: sky130A_mr.drc:191
    Polygons (raw): 2241992 (flat)  24106 (hierarchical)
    Elapsed: 0.080s  Memory: 1341.00M
"polygons" in: sky130A_mr.drc:192
    Polygons (raw): 0 (flat)  0 (hierarchical)
    Elapsed: 0.020s  Memory: 1341.00M
"polygons" in: sky130A_mr.drc:193
    Polygons (raw): 7199058 (flat)  192306 (hierarchical)
    Elapsed: 0.220s  Memory: 1345.00M
"polygons" in: sky130A_mr.drc:195
    Polygons (raw): 1566808 (flat)  47061 (hierarchical)
    Elapsed: 0.090s  Memory: 1347.00M
"polygons" in: sky130A_mr.drc:196
    Polygons (raw): 1139587 (flat)  141694 (hierarchical)
    Elapsed: 0.160s  Memory: 1349.00M
"polygons" in: sky130A_mr.drc:198
    Polygons (raw): 451332 (flat)  32799 (hierarchical)
    Elapsed: 0.110s  Memory: 1350.00M
"polygons" in: sky130A_mr.drc:199
    Polygons (raw): 862358 (flat)  101035 (hierarchical)
    Elapsed: 0.140s  Memory: 1352.00M
"polygons" in: sky130A_mr.drc:201
    Polygons (raw): 223408 (flat)  29557 (hierarchical)
    Elapsed: 0.070s  Memory: 1353.00M
"polygons" in: sky130A_mr.drc:202
    Polygons (raw): 885337 (flat)  232275 (hierarchical)
    Elapsed: 0.240s  Memory: 1358.00M
"polygons" in: sky130A_mr.drc:204
    Polygons (raw): 153566 (flat)  52783 (hierarchical)
    Elapsed: 0.120s  Memory: 1359.00M
"polygons" in: sky130A_mr.drc:205
    Polygons (raw): 271528 (flat)  58176 (hierarchical)
    Elapsed: 0.060s  Memory: 1360.00M
"polygons" in: sky130A_mr.drc:207
    Polygons (raw): 22993 (flat)  1796 (hierarchical)
    Elapsed: 0.000s  Memory: 1360.00M
"polygons" in: sky130A_mr.drc:209
    Polygons (raw): 107 (flat)  1 (hierarchical)
    Elapsed: 0.010s  Memory: 1360.00M
"polygons" in: sky130A_mr.drc:210
    Polygons (raw): 36 (flat)  9 (hierarchical)
    Elapsed: 0.000s  Memory: 1360.00M
"polygons" in: sky130A_mr.drc:211
    Polygons (raw): 154 (flat)  10 (hierarchical)
    Elapsed: 0.000s  Memory: 1360.00M
"polygons" in: sky130A_mr.drc:212
    Polygons (raw): 1 (flat)  1 (hierarchical)
    Elapsed: 0.010s  Memory: 1360.00M
"polygons" in: sky130A_mr.drc:213
    Polygons (raw): 0 (flat)  0 (hierarchical)
    Elapsed: 0.000s  Memory: 1361.00M
"polygons" in: sky130A_mr.drc:214
    Polygons (raw): 0 (flat)  0 (hierarchical)
    Elapsed: 0.000s  Memory: 1361.00M
"polygons" in: sky130A_mr.drc:215
    Polygons (raw): 0 (flat)  0 (hierarchical)
    Elapsed: 0.000s  Memory: 1361.00M
"polygons" in: sky130A_mr.drc:216
    Polygons (raw): 0 (flat)  0 (hierarchical)
    Elapsed: 0.010s  Memory: 1361.00M
"polygons" in: sky130A_mr.drc:217
    Polygons (raw): 0 (flat)  0 (hierarchical)
    Elapsed: 0.000s  Memory: 1361.00M
"polygons" in: sky130A_mr.drc:218
    Polygons (raw): 0 (flat)  0 (hierarchical)
    Elapsed: 0.000s  Memory: 1361.00M
"polygons" in: sky130A_mr.drc:219
    Polygons (raw): 0 (flat)  0 (hierarchical)
    Elapsed: 0.000s  Memory: 1361.00M
"polygons" in: sky130A_mr.drc:220
    Polygons (raw): 0 (flat)  0 (hierarchical)
    Elapsed: 0.000s  Memory: 1361.00M
"polygons" in: sky130A_mr.drc:221
    Polygons (raw): 0 (flat)  0 (hierarchical)
    Elapsed: 0.000s  Memory: 1361.00M
"polygons" in: sky130A_mr.drc:222
    Polygons (raw): 107 (flat)  1 (hierarchical)
    Elapsed: 0.000s  Memory: 1361.00M
"polygons" in: sky130A_mr.drc:223
    Polygons (raw): 0 (flat)  0 (hierarchical)
    Elapsed: 0.000s  Memory: 1361.00M
"polygons" in: sky130A_mr.drc:224
    Polygons (raw): 24 (flat)  6 (hierarchical)
    Elapsed: 0.000s  Memory: 1361.00M
"polygons" in: sky130A_mr.drc:225
    Polygons (raw): 0 (flat)  0 (hierarchical)
    Elapsed: 0.000s  Memory: 1361.00M
"polygons" in: sky130A_mr.drc:226
    Polygons (raw): 0 (flat)  0 (hierarchical)
    Elapsed: 0.000s  Memory: 1362.00M
"polygons" in: sky130A_mr.drc:227
    Polygons (raw): 354087 (flat)  903 (hierarchical)
    Elapsed: 0.040s  Memory: 1362.00M
"polygons" in: sky130A_mr.drc:228
    Polygons (raw): 3799 (flat)  133 (hierarchical)
    Elapsed: 0.000s  Memory: 1362.00M
"polygons" in: sky130A_mr.drc:229
    Polygons (raw): 0 (flat)  0 (hierarchical)
    Elapsed: 0.000s  Memory: 1362.00M
"polygons" in: sky130A_mr.drc:230
    Polygons (raw): 2520 (flat)  112 (hierarchical)
    Elapsed: 0.000s  Memory: 1362.00M
"polygons" in: sky130A_mr.drc:231
    Polygons (raw): 0 (flat)  0 (hierarchical)
    Elapsed: 0.000s  Memory: 1362.00M
"polygons" in: sky130A_mr.drc:232
    Polygons (raw): 0 (flat)  0 (hierarchical)
    Elapsed: 0.000s  Memory: 1362.00M
"polygons" in: sky130A_mr.drc:233
    Polygons (raw): 0 (flat)  0 (hierarchical)
    Elapsed: 0.000s  Memory: 1363.00M
"polygons" in: sky130A_mr.drc:234
    Polygons (raw): 0 (flat)  0 (hierarchical)
    Elapsed: 0.000s  Memory: 1363.00M
"polygons" in: sky130A_mr.drc:235
    Polygons (raw): 3 (flat)  3 (hierarchical)
    Elapsed: 0.000s  Memory: 1363.00M
"polygons" in: sky130A_mr.drc:236
    Polygons (raw): 0 (flat)  0 (hierarchical)
    Elapsed: 0.000s  Memory: 1363.00M
"polygons" in: sky130A_mr.drc:237
    Polygons (raw): 0 (flat)  0 (hierarchical)
    Elapsed: 0.000s  Memory: 1363.00M
"polygons" in: sky130A_mr.drc:238
    Polygons (raw): 0 (flat)  0 (hierarchical)
    Elapsed: 0.000s  Memory: 1363.00M
"polygons" in: sky130A_mr.drc:239
    Polygons (raw): 981 (flat)  4 (hierarchical)
    Elapsed: 0.010s  Memory: 1363.00M
"polygons" in: sky130A_mr.drc:240
    Polygons (raw): 12500 (flat)  4 (hierarchical)
    Elapsed: 0.010s  Memory: 1363.00M
"polygons" in: sky130A_mr.drc:241
    Polygons (raw): 0 (flat)  0 (hierarchical)
    Elapsed: 0.020s  Memory: 1363.00M
"polygons" in: sky130A_mr.drc:242
    Polygons (raw): 0 (flat)  0 (hierarchical)
    Elapsed: 0.000s  Memory: 1363.00M
"polygons" in: sky130A_mr.drc:243
    Polygons (raw): 372 (flat)  93 (hierarchical)
    Elapsed: 0.000s  Memory: 1363.00M
"polygons" in: sky130A_mr.drc:244
    Polygons (raw): 8 (flat)  2 (hierarchical)
    Elapsed: 0.000s  Memory: 1363.00M
"polygons" in: sky130A_mr.drc:245
    Polygons (raw): 3 (flat)  3 (hierarchical)
    Elapsed: 0.000s  Memory: 1363.00M
"polygons" in: sky130A_mr.drc:246
    Polygons (raw): 0 (flat)  0 (hierarchical)
    Elapsed: 0.000s  Memory: 1363.00M
"polygons" in: sky130A_mr.drc:247
    Polygons (raw): 0 (flat)  0 (hierarchical)
    Elapsed: 0.000s  Memory: 1363.00M
"polygons" in: sky130A_mr.drc:248
    Polygons (raw): 0 (flat)  0 (hierarchical)
    Elapsed: 0.000s  Memory: 1363.00M
"polygons" in: sky130A_mr.drc:249
    Polygons (raw): 0 (flat)  0 (hierarchical)
    Elapsed: 0.000s  Memory: 1363.00M
"polygons" in: sky130A_mr.drc:250
    Polygons (raw): 0 (flat)  0 (hierarchical)
    Elapsed: 0.000s  Memory: 1363.00M
"polygons" in: sky130A_mr.drc:251
    Polygons (raw): 0 (flat)  0 (hierarchical)
    Elapsed: 0.000s  Memory: 1363.00M
"polygons" in: sky130A_mr.drc:252
    Polygons (raw): 0 (flat)  0 (hierarchical)
    Elapsed: 0.000s  Memory: 1363.00M
"polygons" in: sky130A_mr.drc:253
    Polygons (raw): 0 (flat)  0 (hierarchical)
    Elapsed: 0.000s  Memory: 1363.00M
"polygons" in: sky130A_mr.drc:254
    Polygons (raw): 0 (flat)  0 (hierarchical)
    Elapsed: 0.000s  Memory: 1363.00M
"polygons" in: sky130A_mr.drc:255
    Polygons (raw): 0 (flat)  0 (hierarchical)
    Elapsed: 0.000s  Memory: 1363.00M
"polygons" in: sky130A_mr.drc:256
    Polygons (raw): 0 (flat)  0 (hierarchical)
    Elapsed: 0.000s  Memory: 1363.00M
"polygons" in: sky130A_mr.drc:257
    Polygons (raw): 0 (flat)  0 (hierarchical)
    Elapsed: 0.000s  Memory: 1363.00M
"polygons" in: sky130A_mr.drc:258
    Polygons (raw): 2878 (flat)  200 (hierarchical)
    Elapsed: 0.000s  Memory: 1363.00M
"polygons" in: sky130A_mr.drc:259
    Polygons (raw): 0 (flat)  0 (hierarchical)
    Elapsed: 0.000s  Memory: 1363.00M
"polygons" in: sky130A_mr.drc:260
    Polygons (raw): 109 (flat)  39 (hierarchical)
    Elapsed: 0.000s  Memory: 1363.00M
"polygons" in: sky130A_mr.drc:261
    Polygons (raw): 0 (flat)  0 (hierarchical)
    Elapsed: 0.000s  Memory: 1363.00M
"polygons" in: sky130A_mr.drc:262
    Polygons (raw): 0 (flat)  0 (hierarchical)
    Elapsed: 0.000s  Memory: 1363.00M
"polygons" in: sky130A_mr.drc:263
    Polygons (raw): 0 (flat)  0 (hierarchical)
    Elapsed: 0.000s  Memory: 1363.00M
"polygons" in: sky130A_mr.drc:264
    Polygons (raw): 0 (flat)  0 (hierarchical)
    Elapsed: 0.000s  Memory: 1363.00M
"merged" in: sky130A_mr.drc:266
    Polygons (raw): 0 (flat)  0 (hierarchical)
    Elapsed: 0.000s  Memory: 1363.00M
DRC section
OFFGRID-ANGLES section
"ongrid" in: sky130A_mr.drc:1498
    Edge pairs: 0 (flat)  0 (hierarchical)
    Elapsed: 0.090s  Memory: 1366.00M
"output" in: sky130A_mr.drc:1498
    Edge pairs: 0 (flat)  0 (hierarchical)
    Elapsed: 0.000s  Memory: 1366.00M
"with_angle" in: sky130A_mr.drc:1502
    Edge pairs: 0 (flat)  0 (hierarchical)
    Elapsed: 0.000s  Memory: 1366.00M
"output" in: sky130A_mr.drc:1502
    Edge pairs: 0 (flat)  0 (hierarchical)
    Elapsed: 0.000s  Memory: 1366.00M
"ongrid" in: sky130A_mr.drc:1506
    Edge pairs: 0 (flat)  0 (hierarchical)
    Elapsed: 2.730s  Memory: 1393.00M
"output" in: sky130A_mr.drc:1506
    Edge pairs: 0 (flat)  0 (hierarchical)
    Elapsed: 0.020s  Memory: 1393.00M
"with_angle" in: sky130A_mr.drc:1507
    Edge pairs: 0 (flat)  0 (hierarchical)
    Elapsed: 0.010s  Memory: 1393.00M
"output" in: sky130A_mr.drc:1507
    Edge pairs: 0 (flat)  0 (hierarchical)
    Elapsed: 0.000s  Memory: 1393.00M
"ongrid" in: sky130A_mr.drc:1511
    Edge pairs: 0 (flat)  0 (hierarchical)
    Elapsed: 0.000s  Memory: 1393.00M
"output" in: sky130A_mr.drc:1511
    Edge pairs: 0 (flat)  0 (hierarchical)
    Elapsed: 0.000s  Memory: 1393.00M
"with_angle" in: sky130A_mr.drc:1512
    Edge pairs: 0 (flat)  0 (hierarchical)
    Elapsed: 0.000s  Memory: 1393.00M
"output" in: sky130A_mr.drc:1512
    Edge pairs: 0 (flat)  0 (hierarchical)
    Elapsed: 0.000s  Memory: 1393.00M
"ongrid" in: sky130A_mr.drc:1513
    Edge pairs: 0 (flat)  0 (hierarchical)
    Elapsed: 0.000s  Memory: 1393.00M
"output" in: sky130A_mr.drc:1513
    Edge pairs: 0 (flat)  0 (hierarchical)
    Elapsed: 0.000s  Memory: 1393.00M
"with_angle" in: sky130A_mr.drc:1514
    Edge pairs: 0 (flat)  0 (hierarchical)
    Elapsed: 0.000s  Memory: 1393.00M
"output" in: sky130A_mr.drc:1514
    Edge pairs: 0 (flat)  0 (hierarchical)
    Elapsed: 0.000s  Memory: 1393.00M
"ongrid" in: sky130A_mr.drc:1515
    Edge pairs: 0 (flat)  0 (hierarchical)
    Elapsed: 2.590s  Memory: 1393.00M
"output" in: sky130A_mr.drc:1515
    Edge pairs: 0 (flat)  0 (hierarchical)
    Elapsed: 0.030s  Memory: 1393.00M
"with_angle" in: sky130A_mr.drc:1516
    Edge pairs: 0 (flat)  0 (hierarchical)
    Elapsed: 0.010s  Memory: 1393.00M
"output" in: sky130A_mr.drc:1516
    Edge pairs: 0 (flat)  0 (hierarchical)
    Elapsed: 0.000s  Memory: 1393.00M
"ongrid" in: sky130A_mr.drc:1517
    Edge pairs: 0 (flat)  0 (hierarchical)
    Elapsed: 0.000s  Memory: 1393.00M
"output" in: sky130A_mr.drc:1517
    Edge pairs: 0 (flat)  0 (hierarchical)
    Elapsed: 0.000s  Memory: 1393.00M
"with_angle" in: sky130A_mr.drc:1518
    Edge pairs: 0 (flat)  0 (hierarchical)
    Elapsed: 0.010s  Memory: 1393.00M
"output" in: sky130A_mr.drc:1518
    Edge pairs: 0 (flat)  0 (hierarchical)
    Elapsed: 0.000s  Memory: 1393.00M
"ongrid" in: sky130A_mr.drc:1519
    Edge pairs: 0 (flat)  0 (hierarchical)
    Elapsed: 0.110s  Memory: 1393.00M
"output" in: sky130A_mr.drc:1519
    Edge pairs: 0 (flat)  0 (hierarchical)
    Elapsed: 0.000s  Memory: 1393.00M
"with_angle" in: sky130A_mr.drc:1520
    Edge pairs: 0 (flat)  0 (hierarchical)
    Elapsed: 0.010s  Memory: 1393.00M
"output" in: sky130A_mr.drc:1520
    Edge pairs: 0 (flat)  0 (hierarchical)
    Elapsed: 0.000s  Memory: 1393.00M
"ongrid" in: sky130A_mr.drc:1521
    Edge pairs: 0 (flat)  0 (hierarchical)
    Elapsed: 0.000s  Memory: 1393.00M
"output" in: sky130A_mr.drc:1521
    Edge pairs: 0 (flat)  0 (hierarchical)
    Elapsed: 0.000s  Memory: 1393.00M
"with_angle" in: sky130A_mr.drc:1522
    Edge pairs: 0 (flat)  0 (hierarchical)
    Elapsed: 0.010s  Memory: 1393.00M
"output" in: sky130A_mr.drc:1522
    Edge pairs: 0 (flat)  0 (hierarchical)
    Elapsed: 0.000s  Memory: 1393.00M
"ongrid" in: sky130A_mr.drc:1523
    Edge pairs: 0 (flat)  0 (hierarchical)
    Elapsed: 5.000s  Memory: 1393.00M
"output" in: sky130A_mr.drc:1523
    Edge pairs: 0 (flat)  0 (hierarchical)
    Elapsed: 0.030s  Memory: 1393.00M
"ongrid" in: sky130A_mr.drc:1524
    Edge pairs: 0 (flat)  0 (hierarchical)
    Elapsed: 0.410s  Memory: 1393.00M
"output" in: sky130A_mr.drc:1524
    Edge pairs: 0 (flat)  0 (hierarchical)
    Elapsed: 0.000s  Memory: 1393.00M
"&" in: sky130A_mr.drc:1526
    Polygons (raw): 0 (flat)  0 (hierarchical)
    Elapsed: 0.010s  Memory: 1393.00M
"-" in: sky130A_mr.drc:1526
    Polygons (raw): 724676 (flat)  4214 (hierarchical)
    Elapsed: 0.010s  Memory: 1393.00M
"with_angle" in: sky130A_mr.drc:1527
    Edge pairs: 0 (flat)  0 (hierarchical)
    Elapsed: 4.870s  Memory: 1393.00M
"output" in: sky130A_mr.drc:1528
    Edge pairs: 0 (flat)  0 (hierarchical)
    Elapsed: 0.080s  Memory: 1393.00M
"&" in: sky130A_mr.drc:1530
    Polygons (raw): 0 (flat)  0 (hierarchical)
    Elapsed: 0.000s  Memory: 1393.00M
"&" in: sky130A_mr.drc:1530
    Polygons (raw): 0 (flat)  0 (hierarchical)
    Elapsed: 0.010s  Memory: 1393.00M
"with_angle" in: sky130A_mr.drc:1531
    Edge pairs: 0 (flat)  0 (hierarchical)
    Elapsed: 0.000s  Memory: 1393.00M
"output" in: sky130A_mr.drc:1532
    Edge pairs: 0 (flat)  0 (hierarchical)
    Elapsed: 0.000s  Memory: 1393.00M
"&" in: sky130A_mr.drc:1534
    Polygons (raw): 0 (flat)  0 (hierarchical)
    Elapsed: 0.010s  Memory: 1393.00M
"-" in: sky130A_mr.drc:1534
    Polygons (raw): 120851 (flat)  1128 (hierarchical)
    Elapsed: 0.000s  Memory: 1393.00M
"with_angle" in: sky130A_mr.drc:1535
    Edge pairs: 0 (flat)  0 (hierarchical)
    Elapsed: 0.320s  Memory: 1393.00M
"output" in: sky130A_mr.drc:1536
    Edge pairs: 0 (flat)  0 (hierarchical)
    Elapsed: 0.070s  Memory: 1393.00M
"&" in: sky130A_mr.drc:1538
    Polygons (raw): 0 (flat)  0 (hierarchical)
    Elapsed: 0.000s  Memory: 1393.00M
"&" in: sky130A_mr.drc:1538
    Polygons (raw): 0 (flat)  0 (hierarchical)
    Elapsed: 0.000s  Memory: 1393.00M
"with_angle" in: sky130A_mr.drc:1539
    Edge pairs: 0 (flat)  0 (hierarchical)
    Elapsed: 0.000s  Memory: 1393.00M
"output" in: sky130A_mr.drc:1540
    Edge pairs: 0 (flat)  0 (hierarchical)
    Elapsed: 0.000s  Memory: 1393.00M
"ongrid" in: sky130A_mr.drc:1541
    Edge pairs: 0 (flat)  0 (hierarchical)
    Elapsed: 0.000s  Memory: 1393.00M
"output" in: sky130A_mr.drc:1541
    Edge pairs: 0 (flat)  0 (hierarchical)
    Elapsed: 0.000s  Memory: 1393.00M
"with_angle" in: sky130A_mr.drc:1542
    Edge pairs: 0 (flat)  0 (hierarchical)
    Elapsed: 0.000s  Memory: 1393.00M
"output" in: sky130A_mr.drc:1542
    Edge pairs: 0 (flat)  0 (hierarchical)
    Elapsed: 0.000s  Memory: 1393.00M
"ongrid" in: sky130A_mr.drc:1543
    Edge pairs: 0 (flat)  0 (hierarchical)
    Elapsed: 1.170s  Memory: 1393.00M
"output" in: sky130A_mr.drc:1543
    Edge pairs: 0 (flat)  0 (hierarchical)
    Elapsed: 0.030s  Memory: 1393.00M
"with_angle" in: sky130A_mr.drc:1544
    Edge pairs: 0 (flat)  0 (hierarchical)
    Elapsed: 0.010s  Memory: 1393.00M
"output" in: sky130A_mr.drc:1544
    Edge pairs: 0 (flat)  0 (hierarchical)
    Elapsed: 0.000s  Memory: 1393.00M
"ongrid" in: sky130A_mr.drc:1545
    Edge pairs: 0 (flat)  0 (hierarchical)
    Elapsed: 0.000s  Memory: 1393.00M
"output" in: sky130A_mr.drc:1545
    Edge pairs: 0 (flat)  0 (hierarchical)
    Elapsed: 0.000s  Memory: 1393.00M
"with_angle" in: sky130A_mr.drc:1546
    Edge pairs: 0 (flat)  0 (hierarchical)
    Elapsed: 0.000s  Memory: 1393.00M
"output" in: sky130A_mr.drc:1546
    Edge pairs: 0 (flat)  0 (hierarchical)
    Elapsed: 0.000s  Memory: 1393.00M
"ongrid" in: sky130A_mr.drc:1547
    Edge pairs: 0 (flat)  0 (hierarchical)
    Elapsed: 1.630s  Memory: 1393.00M
"output" in: sky130A_mr.drc:1547
    Edge pairs: 0 (flat)  0 (hierarchical)
    Elapsed: 0.020s  Memory: 1393.00M
"with_angle" in: sky130A_mr.drc:1548
    Edge pairs: 0 (flat)  0 (hierarchical)
    Elapsed: 0.020s  Memory: 1393.00M
"output" in: sky130A_mr.drc:1548
    Edge pairs: 0 (flat)  0 (hierarchical)
    Elapsed: 0.000s  Memory: 1393.00M
"ongrid" in: sky130A_mr.drc:1549
    Edge pairs: 0 (flat)  0 (hierarchical)
    Elapsed: 2.920s  Memory: 1397.00M
"output" in: sky130A_mr.drc:1549
    Edge pairs: 0 (flat)  0 (hierarchical)
    Elapsed: 0.030s  Memory: 1397.00M
"with_angle" in: sky130A_mr.drc:1550
    Edge pairs: 0 (flat)  0 (hierarchical)
    Elapsed: 0.000s  Memory: 1397.00M
"output" in: sky130A_mr.drc:1550
    Edge pairs: 0 (flat)  0 (hierarchical)
    Elapsed: 0.000s  Memory: 1397.00M
"ongrid" in: sky130A_mr.drc:1551
    Edge pairs: 0 (flat)  0 (hierarchical)
    Elapsed: 3.110s  Memory: 1397.00M
"output" in: sky130A_mr.drc:1551
    Edge pairs: 0 (flat)  0 (hierarchical)
    Elapsed: 0.020s  Memory: 1397.00M
"with_angle" in: sky130A_mr.drc:1552
    Edge pairs: 0 (flat)  0 (hierarchical)
    Elapsed: 0.000s  Memory: 1397.00M
"output" in: sky130A_mr.drc:1552
    Edge pairs: 0 (flat)  0 (hierarchical)
    Elapsed: 0.000s  Memory: 1397.00M
"ongrid" in: sky130A_mr.drc:1553
    Edge pairs: 0 (flat)  0 (hierarchical)
    Elapsed: 3.370s  Memory: 1428.00M
"output" in: sky130A_mr.drc:1553
    Edge pairs: 0 (flat)  0 (hierarchical)
    Elapsed: 0.030s  Memory: 1428.00M
"with_angle" in: sky130A_mr.drc:1554
    Edge pairs: 0 (flat)  0 (hierarchical)
    Elapsed: 0.080s  Memory: 1428.00M
"output" in: sky130A_mr.drc:1554
    Edge pairs: 0 (flat)  0 (hierarchical)
    Elapsed: 0.000s  Memory: 1428.00M
"ongrid" in: sky130A_mr.drc:1558
    Edge pairs: 0 (flat)  0 (hierarchical)
    Elapsed: 5.590s  Memory: 1433.00M
"output" in: sky130A_mr.drc:1558
    Edge pairs: 0 (flat)  0 (hierarchical)
    Elapsed: 0.020s  Memory: 1433.00M
"with_angle" in: sky130A_mr.drc:1559
    Edge pairs: 0 (flat)  0 (hierarchical)
    Elapsed: 0.080s  Memory: 1433.00M
"output" in: sky130A_mr.drc:1559
    Edge pairs: 0 (flat)  0 (hierarchical)
    Elapsed: 0.000s  Memory: 1433.00M
"ongrid" in: sky130A_mr.drc:1560
    Edge pairs: 0 (flat)  0 (hierarchical)
    Elapsed: 14.750s  Memory: 1794.00M
"output" in: sky130A_mr.drc:1560
    Edge pairs: 0 (flat)  0 (hierarchical)
    Elapsed: 0.030s  Memory: 1794.00M
"with_angle" in: sky130A_mr.drc:1561
    Edge pairs: 0 (flat)  0 (hierarchical)
    Elapsed: 0.410s  Memory: 1794.00M
"output" in: sky130A_mr.drc:1561
    Edge pairs: 0 (flat)  0 (hierarchical)
    Elapsed: 0.000s  Memory: 1794.00M
"ongrid" in: sky130A_mr.drc:1562
    Edge pairs: 0 (flat)  0 (hierarchical)
    Elapsed: 0.000s  Memory: 1794.00M
"output" in: sky130A_mr.drc:1562
    Edge pairs: 0 (flat)  0 (hierarchical)
    Elapsed: 0.010s  Memory: 1794.00M
"with_angle" in: sky130A_mr.drc:1563
    Edge pairs: 0 (flat)  0 (hierarchical)
    Elapsed: 0.000s  Memory: 1794.00M
"output" in: sky130A_mr.drc:1563
    Edge pairs: 0 (flat)  0 (hierarchical)
    Elapsed: 0.000s  Memory: 1794.00M
"ongrid" in: sky130A_mr.drc:1564
    Edge pairs: 0 (flat)  0 (hierarchical)
    Elapsed: 5.600s  Memory: 1794.00M
"output" in: sky130A_mr.drc:1564
    Edge pairs: 0 (flat)  0 (hierarchical)
    Elapsed: 0.030s  Memory: 1794.00M
"with_angle" in: sky130A_mr.drc:1565
    Edge pairs: 0 (flat)  0 (hierarchical)
    Elapsed: 0.020s  Memory: 1794.00M
"output" in: sky130A_mr.drc:1565
    Edge pairs: 0 (flat)  0 (hierarchical)
    Elapsed: 0.000s  Memory: 1794.00M
"ongrid" in: sky130A_mr.drc:1566
    Edge pairs: 0 (flat)  0 (hierarchical)
    Elapsed: 1.700s  Memory: 1794.00M
"output" in: sky130A_mr.drc:1566
    Edge pairs: 0 (flat)  0 (hierarchical)
    Elapsed: 0.030s  Memory: 1794.00M
"with_angle" in: sky130A_mr.drc:1567
    Edge pairs: 0 (flat)  0 (hierarchical)
    Elapsed: 0.070s  Memory: 1794.00M
"output" in: sky130A_mr.drc:1567
    Edge pairs: 0 (flat)  0 (hierarchical)
    Elapsed: 0.000s  Memory: 1794.00M
"ongrid" in: sky130A_mr.drc:1568
    Edge pairs: 0 (flat)  0 (hierarchical)
    Elapsed: 0.620s  Memory: 1794.00M
"output" in: sky130A_mr.drc:1568
    Edge pairs: 0 (flat)  0 (hierarchical)
    Elapsed: 0.030s  Memory: 1794.00M
"with_angle" in: sky130A_mr.drc:1569
    Edge pairs: 0 (flat)  0 (hierarchical)
    Elapsed: 0.020s  Memory: 1794.00M
"output" in: sky130A_mr.drc:1569
    Edge pairs: 0 (flat)  0 (hierarchical)
    Elapsed: 0.000s  Memory: 1794.00M
"ongrid" in: sky130A_mr.drc:1570
    Edge pairs: 0 (flat)  0 (hierarchical)
    Elapsed: 1.190s  Memory: 1794.00M
"output" in: sky130A_mr.drc:1570
    Edge pairs: 0 (flat)  0 (hierarchical)
    Elapsed: 0.030s  Memory: 1794.00M
"with_angle" in: sky130A_mr.drc:1571
    Edge pairs: 0 (flat)  0 (hierarchical)
    Elapsed: 0.040s  Memory: 1794.00M
"output" in: sky130A_mr.drc:1571
    Edge pairs: 0 (flat)  0 (hierarchical)
    Elapsed: 0.000s  Memory: 1794.00M
"ongrid" in: sky130A_mr.drc:1572
    Edge pairs: 0 (flat)  0 (hierarchical)
    Elapsed: 0.550s  Memory: 1794.00M
"output" in: sky130A_mr.drc:1572
    Edge pairs: 0 (flat)  0 (hierarchical)
    Elapsed: 0.020s  Memory: 1794.00M
"with_angle" in: sky130A_mr.drc:1573
    Edge pairs: 0 (flat)  0 (hierarchical)
    Elapsed: 0.010s  Memory: 1794.00M
"output" in: sky130A_mr.drc:1573
    Edge pairs: 0 (flat)  0 (hierarchical)
    Elapsed: 0.000s  Memory: 1794.00M
"ongrid" in: sky130A_mr.drc:1574
    Edge pairs: 0 (flat)  0 (hierarchical)
    Elapsed: 3.880s  Memory: 1797.00M
"output" in: sky130A_mr.drc:1574
    Edge pairs: 0 (flat)  0 (hierarchical)
    Elapsed: 0.030s  Memory: 1797.00M
"with_angle" in: sky130A_mr.drc:1575
    Edge pairs: 0 (flat)  0 (hierarchical)
    Elapsed: 0.110s  Memory: 1797.00M
"output" in: sky130A_mr.drc:1575
    Edge pairs: 0 (flat)  0 (hierarchical)
    Elapsed: 0.000s  Memory: 1797.00M
"ongrid" in: sky130A_mr.drc:1576
    Edge pairs: 0 (flat)  0 (hierarchical)
    Elapsed: 0.130s  Memory: 1797.00M
"output" in: sky130A_mr.drc:1576
    Edge pairs: 0 (flat)  0 (hierarchical)
    Elapsed: 0.000s  Memory: 1797.00M
"with_angle" in: sky130A_mr.drc:1577
    Edge pairs: 0 (flat)  0 (hierarchical)
    Elapsed: 0.000s  Memory: 1797.00M
"output" in: sky130A_mr.drc:1577
    Edge pairs: 0 (flat)  0 (hierarchical)
    Elapsed: 0.010s  Memory: 1797.00M
"ongrid" in: sky130A_mr.drc:1578
    Edge pairs: 0 (flat)  0 (hierarchical)
    Elapsed: 1.130s  Memory: 1797.00M
"output" in: sky130A_mr.drc:1578
    Edge pairs: 0 (flat)  0 (hierarchical)
    Elapsed: 0.030s  Memory: 1797.00M
"with_angle" in: sky130A_mr.drc:1579
    Edge pairs: 0 (flat)  0 (hierarchical)
    Elapsed: 0.010s  Memory: 1797.00M
"output" in: sky130A_mr.drc:1579
    Edge pairs: 0 (flat)  0 (hierarchical)
    Elapsed: 0.000s  Memory: 1797.00M
"ongrid" in: sky130A_mr.drc:1580
    Edge pairs: 0 (flat)  0 (hierarchical)
    Elapsed: 0.640s  Memory: 1797.00M
"output" in: sky130A_mr.drc:1580
    Edge pairs: 0 (flat)  0 (hierarchical)
    Elapsed: 0.030s  Memory: 1797.00M
"with_angle" in: sky130A_mr.drc:1581
    Edge pairs: 0 (flat)  0 (hierarchical)
    Elapsed: 0.030s  Memory: 1797.00M
"output" in: sky130A_mr.drc:1581
    Edge pairs: 0 (flat)  0 (hierarchical)
    Elapsed: 0.000s  Memory: 1797.00M
"ongrid" in: sky130A_mr.drc:1582
    Edge pairs: 0 (flat)  0 (hierarchical)
    Elapsed: 0.240s  Memory: 1797.00M
"output" in: sky130A_mr.drc:1582
    Edge pairs: 0 (flat)  0 (hierarchical)
    Elapsed: 0.010s  Memory: 1797.00M
"with_angle" in: sky130A_mr.drc:1583
    Edge pairs: 0 (flat)  0 (hierarchical)
    Elapsed: 0.000s  Memory: 1797.00M
"output" in: sky130A_mr.drc:1583
    Edge pairs: 0 (flat)  0 (hierarchical)
    Elapsed: 0.000s  Memory: 1797.00M
"ongrid" in: sky130A_mr.drc:1584
    Edge pairs: 0 (flat)  0 (hierarchical)
    Elapsed: 0.130s  Memory: 1797.00M
"output" in: sky130A_mr.drc:1584
    Edge pairs: 0 (flat)  0 (hierarchical)
    Elapsed: 0.030s  Memory: 1797.00M
"with_angle" in: sky130A_mr.drc:1585
    Edge pairs: 0 (flat)  0 (hierarchical)
    Elapsed: 0.010s  Memory: 1797.00M
"output" in: sky130A_mr.drc:1585
    Edge pairs: 0 (flat)  0 (hierarchical)
    Elapsed: 0.000s  Memory: 1797.00M
"ongrid" in: sky130A_mr.drc:1586
    Edge pairs: 0 (flat)  0 (hierarchical)
    Elapsed: 0.000s  Memory: 1797.00M
"output" in: sky130A_mr.drc:1586
    Edge pairs: 0 (flat)  0 (hierarchical)
    Elapsed: 0.000s  Memory: 1797.00M
"with_angle" in: sky130A_mr.drc:1587
    Edge pairs: 0 (flat)  0 (hierarchical)
    Elapsed: 0.000s  Memory: 1797.00M
"output" in: sky130A_mr.drc:1587
    Edge pairs: 0 (flat)  0 (hierarchical)
    Elapsed: 0.000s  Memory: 1797.00M
"ongrid" in: sky130A_mr.drc:1588
    Edge pairs: 0 (flat)  0 (hierarchical)
    Elapsed: 0.180s  Memory: 1797.00M
"output" in: sky130A_mr.drc:1588
    Edge pairs: 0 (flat)  0 (hierarchical)
    Elapsed: 0.000s  Memory: 1797.00M
"with_angle" in: sky130A_mr.drc:1589
    Edge pairs: 0 (flat)  0 (hierarchical)
    Elapsed: 0.010s  Memory: 1797.00M
"output" in: sky130A_mr.drc:1589
    Edge pairs: 0 (flat)  0 (hierarchical)
    Elapsed: 0.000s  Memory: 1797.00M
"ongrid" in: sky130A_mr.drc:1590
    Edge pairs: 0 (flat)  0 (hierarchical)
    Elapsed: 0.130s  Memory: 1797.00M
"output" in: sky130A_mr.drc:1590
    Edge pairs: 0 (flat)  0 (hierarchical)
    Elapsed: 0.000s  Memory: 1797.00M
"with_angle" in: sky130A_mr.drc:1591
    Edge pairs: 0 (flat)  0 (hierarchical)
    Elapsed: 0.010s  Memory: 1797.00M
"output" in: sky130A_mr.drc:1591
    Edge pairs: 0 (flat)  0 (hierarchical)
    Elapsed: 0.030s  Memory: 1797.00M
"ongrid" in: sky130A_mr.drc:1595
    Edge pairs: 0 (flat)  0 (hierarchical)
    Elapsed: 0.000s  Memory: 1797.00M
"output" in: sky130A_mr.drc:1595
    Edge pairs: 0 (flat)  0 (hierarchical)
    Elapsed: 0.000s  Memory: 1797.00M
"with_angle" in: sky130A_mr.drc:1596
    Edge pairs: 0 (flat)  0 (hierarchical)
    Elapsed: 0.000s  Memory: 1797.00M
"output" in: sky130A_mr.drc:1596
    Edge pairs: 0 (flat)  0 (hierarchical)
    Elapsed: 0.000s  Memory: 1797.00M
"ongrid" in: sky130A_mr.drc:1597
    Edge pairs: 0 (flat)  0 (hierarchical)
    Elapsed: 0.000s  Memory: 1797.00M
"output" in: sky130A_mr.drc:1597
    Edge pairs: 0 (flat)  0 (hierarchical)
    Elapsed: 0.000s  Memory: 1797.00M
"with_angle" in: sky130A_mr.drc:1598
    Edge pairs: 0 (flat)  0 (hierarchical)
    Elapsed: 0.010s  Memory: 1797.00M
"output" in: sky130A_mr.drc:1598
    Edge pairs: 0 (flat)  0 (hierarchical)
    Elapsed: 0.000s  Memory: 1797.00M
"ongrid" in: sky130A_mr.drc:1599
    Edge pairs: 0 (flat)  0 (hierarchical)
    Elapsed: 0.000s  Memory: 1797.00M
"output" in: sky130A_mr.drc:1599
    Edge pairs: 0 (flat)  0 (hierarchical)
    Elapsed: 0.000s  Memory: 1797.00M
"with_angle" in: sky130A_mr.drc:1603
    Edge pairs: 0 (flat)  0 (hierarchical)
    Elapsed: 0.000s  Memory: 1797.00M
"output" in: sky130A_mr.drc:1603
    Edge pairs: 0 (flat)  0 (hierarchical)
    Elapsed: 0.000s  Memory: 1797.00M
"ongrid" in: sky130A_mr.drc:1607
    Edge pairs: 0 (flat)  0 (hierarchical)
    Elapsed: 0.000s  Memory: 1797.00M
"output" in: sky130A_mr.drc:1607
    Edge pairs: 0 (flat)  0 (hierarchical)
    Elapsed: 0.000s  Memory: 1797.00M
Writing report database: /mnt/shuttle/ci2511/jdicorpo/nydesign-ci2511/tapeout/outputs/klayout_grid_check.xml ..
Total elapsed: 80.130s  Memory: 1784.00M
Args:
	sram_exclude: false
	feol: false
	beol: false
	floating_met: false
	offgrid: true
	seal: 
 
Cell exclusion list:
   rule    | cell
   nwell.6 | sky130_fd_io__gpiov2_amux, sky130_fd_io__simple_pad_and_busses
 
release 2024.2.11_01.09
